[shawkyz.wordpress.com/index.html]
[backblue.gif]
[fade.gif]
[index.html]
[s1.wp.com/wp-content/mu-plugins/global-print/rtl/global-print-rtl4371.css]
[shawkyz.wordpress.com/feed/index.html]
[shawkyz.wordpress.com/comments/feed/index.html]
[s2.wp.com/wp-content/mu-plugins/highlander-comments/rtl/style-rtl0f12.css]
[s1.wp.com/_static/index50b4.html]
[shawkyz.wordpress.com/xmlrpc0db0.php]
[s0.wp.com/wp-content/themes/pub/fictive/rtl6436.css]
[shawkyz.wordpress.com/osd.xml]
[shawkyz.wordpress.com/indexdd8f.html]
[s0.wp.com/wp-content/themes/pub/fictive/images/header.jpg]
[connect.facebook.net/ar_AR/sdk.js]
[shawkyz.wordpress.com/2014/02/12/ايه-لازمة-المدونة-؟/index.html]
[shawkyz.wordpress.com/2014/02/23/حفظ-و-استعادة-backup-ف-mssql-database-بال-c/index.html]
[shawkyz.files.wordpress.com/2014/02/database-backup-ic59flemi_emresupcin.png]
[shawkyz.wordpress.com/2014/02/23/حفظ-و-استعادة-backup-ف-mssql-database-بال-c/comment-page-1/index.html]
[shawkyz.wordpress.com/author/abdelrhmanshawkyb/index.html]
[shawkyz.files.wordpress.com/2014/02/database-backup-ic59flemi_emresupcinb4ad.png]
[0.gravatar.com/js/gprofilesbca7.js]
[shawkyz.wordpress.com/tag/backup/index.html]
[shawkyz.wordpress.com/tag/c/index.html]
[s2.wp.com/wp-content/mu-plugins/gravatar-hovercards/wpgrohobb20.js]
[shawkyz.wordpress.com/tag/restore/index.html]
[shawkyz.wordpress.com/tag/mssql/index.html]
[s0.wp.com/wp-content/plugins/syntaxhighlighter/syntaxhighlighter3/styles/shCore.e09b1.delayed]
[s2.wp.com/_static/indexa14d.html]
[s0.wp.com/wp-content/plugins/syntaxhighlighter/syntaxhighlighter3/styles/shThemeDefault1ba7.css]
[s2.wp.com/wp-content/mu-plugins/tiled-gallery/rtl/tiled-gallery-rtl0c01.css]
[s0.wp.com/_static/index80ee.html]
[platform.twitter.com/widgets4443.js]
[stats.wp.com/w642e.js]
[shawkyz.wordpress.com/wp-content/plugins/ie-sitemode/custom-jumplist.php]
[pixel.wp.com/b0b80.gif]
[shawkyz.wordpress.com/index.html]
[shawkyz.wordpress.com/xmlrpc.php]
[s1.wp.com/wp-content/mu-plugins/global-print/rtl/global-print-rtl4371.css]
[s1.wp.com/_static/index50b4.html]
[s2.wp.com/wp-content/mu-plugins/post-flair/sharing/images/icon-wordpress.png]
[s2.wp.com/wp-content/mu-plugins/post-flair/sharing/images/icon-twitter.png]
[s2.wp.com/wp-content/mu-plugins/post-flair/sharing/images/icon-facebook.png]
[s2.wp.com/wp-content/mu-plugins/post-flair/sharing/images/googleplus1.png]
[s2.wp.com/wp-content/mu-plugins/post-flair/sharing/images/icon-wordpress-2x.png]
[s2.wp.com/wp-content/mu-plugins/post-flair/sharing/images/icon-twitter-2x.png]
[s2.wp.com/wp-content/mu-plugins/post-flair/sharing/images/icon-facebook-2x.png]
[s2.wp.com/wp-content/mu-plugins/post-flair/sharing/images/googleplus1@2x.png]
[s2.wp.com/wp-content/mu-plugins/highlander-comments/images/postto-buttons.png]
[s2.wp.com/wp-content/mu-plugins/highlander-comments/images/button-back.gif]
[s2.wp.com/wp-content/mu-plugins/highlander-comments/images/button-back-over.gif]
[s2.wp.com/wp-content/mu-plugins/highlander-comments/images/loader.gif]
[s2.wp.com/wp-content/mu-plugins/highlander-comments/rtl/style-rtl0f12.css]
[s0.wp.com/wp-content/themes/pub/fictive/rtl6436.css]
[shawkyz.wordpress.com/indexdd8f.html]
[shawkyz.wordpress.com/restserver.php]
[shawkyz.wordpress.com/ABCDEFGHIJKLMNOPQRSTUVWXYZabcdefghijklmnopqrstuvwxyz0123456789+/index.html]
[connect.facebook.net/ar_AR/sdk.js]
[shawkyz.wordpress.com/2014/02/23/حفظ-و-استعادة-backup-ف-mssql-database-بال-c/index.html]
[shawkyz.wordpress.com/2014/02/12/ايه-لازمة-المدونة-؟/index.html]
[shawkyz.wordpress.com/2014/02/23/حفظ-و-استعادة-backup-ف-mssql-database-بال-c/comment-page-1/index.html]
[shawkyz.wordpress.com/author/abdelrhmanshawkyb/index.html]
[shawkyz.wordpress.com/tag/backup/index.html]
[shawkyz.wordpress.com/tag/c/index.html]
[shawkyz.wordpress.com/author/abdelrhmanshawkyb/feed/index.html]
[shawkyz.wordpress.com/tag/backup/feed/index.html]
[shawkyz.wordpress.com/tag/c/feed/index.html]
[shawkyz.wordpress.com/dialog/index.html]
[shawkyz.wordpress.com/tag/mssql/index.html]
[shawkyz.wordpress.com/tag/mssql/feed/index.html]
[shawkyz.wordpress.com/tag/restore/index.html]
[shawkyz.wordpress.com/tag/restore/feed/index.html]
[pixel.wp.com/g9818.gif]
[0.gravatar.com/js/gprofilesbca7.js]
[s2.wp.com/wp-content/mu-plugins/gravatar-hovercards/wpgrohobb20.js]
[s2.wp.com/_static/indexa14d.html]
[s0.wp.com/wp-content/plugins/syntaxhighlighter/syntaxhighlighter3/styles/shCore09b1.css]
[s0.wp.com/wp-content/plugins/syntaxhighlighter/syntaxhighlighter3/styles/shThemeDefault1ba7.css]
[s0.wp.com/wp-content/mu-plugins/carousel/images/arrows.png]
[s0.wp.com/wp-content/mu-plugins/carousel/images/arrows-2x.png]
[s0.wp.com/wp-content/mu-plugins/carousel/images/carousel-spritee4da.png]
[s0.wp.com/wp-content/mu-plugins/carousel/images/carousel-sprite-2xe4da.png]
[s0.wp.com/_static/index80ee.html]
[s2.wp.com/wp-content/mu-plugins/tiled-gallery/rtl/tiled-gallery-rtl0c01.css]
[pixel.wp.com/t.gif]
[stats.wp.com/w642e.js]
[shawkyz.wordpress.com/ABCDEFGHIJKLMNOPQRSTUVWXYZabcdefghijklmnopqrstuvwxyz0123456789+/index.html]
[shawkyz.wordpress.com/restserver.html]
[shawkyz.wordpress.com/dialog/index.html]
[shawkyz.wordpress.com/%s/profile4d6d.html]
[shawkyz.wordpress.com/g.html]
[shawkyz.wordpress.com/c.html]
